=== Radiolytics Server Log ===
Started at: 2025-05-27 15:31:09
================================================================================

2025-05-27 15:31:09,701 | INFO     | Log file cleared and initialized
2025-05-27 15:31:09,703 | INFO     | Initialized FingerprintMatcher with threshold 0.25 and min frames 10
2025-05-27 15:31:09,704 | DEBUG    | Converted retries value: 3 -> Retry(total=3, connect=None, read=None, redirect=None, status=None)
2025-05-27 15:31:09,704 | INFO     | Started fingerprint matcher
2025-05-27 15:31:09,705 | DEBUG    | Making request: POST https://oauth2.googleapis.com/token
2025-05-27 15:31:09,706 | DEBUG    | Starting new HTTPS connection (1): oauth2.googleapis.com:443
2025-05-27 15:31:10,941 | DEBUG    | https://oauth2.googleapis.com:443 "POST /token HTTP/1.1" 200 None
2025-05-27 15:31:10,942 | DEBUG    | Starting new HTTPS connection (1): storage.googleapis.com:443
2025-05-27 15:31:12,848 | DEBUG    | https://storage.googleapis.com:443 "GET /storage/v1/b/newbuckettest.firebasestorage.app/o?projection=noAcl&prefix=fingerprints%2F&prettyPrint=false HTTP/1.1" 200 26
2025-05-27 15:31:13,147 | DEBUG    | https://storage.googleapis.com:443 "GET /storage/v1/b/newbuckettest.firebasestorage.app/o?projection=noAcl&prefix=fingerprints%2F&prettyPrint=false HTTP/1.1" 200 26
2025-05-27 15:31:13,149 | ERROR    | Error in match loop: 'FingerprintMatcher' object has no attribute '_process_incoming_fingerprints'
2025-05-27 15:31:18,442 | DEBUG    | https://storage.googleapis.com:443 "GET /storage/v1/b/newbuckettest.firebasestorage.app/o?projection=noAcl&prefix=fingerprints%2F&prettyPrint=false HTTP/1.1" 200 2109
2025-05-27 15:31:19,693 | DEBUG    | https://storage.googleapis.com:443 "GET /download/storage/v1/b/newbuckettest.firebasestorage.app/o/fingerprints%2F15-31-15_LiveStreamFingerprint_KFM_7s.json?generation=1748352678452775&alt=media HTTP/1.1" 200 6891
2025-05-27 15:31:19,696 | INFO     | Loaded reference fingerprint for KFM at 1748352675
2025-05-27 15:31:20,038 | DEBUG    | https://storage.googleapis.com:443 "GET /download/storage/v1/b/newbuckettest.firebasestorage.app/o/fingerprints%2F15-31-15_LiveStreamFingerprint_Smile%20FM_7s.json?generation=1748352679604211&alt=media HTTP/1.1" 200 9741
2025-05-27 15:31:20,043 | INFO     | Loaded reference fingerprint for Smile FM at 1748352675
2025-05-27 15:31:21,200 | DEBUG    | https://storage.googleapis.com:443 "GET /storage/v1/b/newbuckettest.firebasestorage.app/o?projection=noAcl&prefix=fingerprints%2F&prettyPrint=false HTTP/1.1" 200 2205
2025-05-27 15:31:21,202 | ERROR    | Error in match loop: 'FingerprintMatcher' object has no attribute '_process_incoming_fingerprints'
2025-05-27 15:31:26,503 | DEBUG    | https://storage.googleapis.com:443 "GET /storage/v1/b/newbuckettest.firebasestorage.app/o?projection=noAcl&prefix=fingerprints%2F&prettyPrint=false HTTP/1.1" 200 2205
2025-05-27 15:31:27,703 | DEBUG    | https://storage.googleapis.com:443 "GET /storage/v1/b/newbuckettest.firebasestorage.app/o?projection=noAcl&prefix=fingerprints%2F&prettyPrint=false HTTP/1.1" 200 2205
2025-05-27 15:31:27,706 | ERROR    | Error in match loop: 'FingerprintMatcher' object has no attribute '_process_incoming_fingerprints'
2025-05-27 15:31:33,000 | DEBUG    | https://storage.googleapis.com:443 "GET /storage/v1/b/newbuckettest.firebasestorage.app/o?projection=noAcl&prefix=fingerprints%2F&prettyPrint=false HTTP/1.1" 200 2205
2025-05-27 15:31:34,214 | DEBUG    | https://storage.googleapis.com:443 "GET /storage/v1/b/newbuckettest.firebasestorage.app/o?projection=noAcl&prefix=fingerprints%2F&prettyPrint=false HTTP/1.1" 200 2205
2025-05-27 15:31:34,216 | ERROR    | Error in match loop: 'FingerprintMatcher' object has no attribute '_process_incoming_fingerprints'
2025-05-27 15:31:39,513 | DEBUG    | https://storage.googleapis.com:443 "GET /storage/v1/b/newbuckettest.firebasestorage.app/o?projection=noAcl&prefix=fingerprints%2F&prettyPrint=false HTTP/1.1" 200 3275
2025-05-27 15:31:40,778 | DEBUG    | https://storage.googleapis.com:443 "GET /download/storage/v1/b/newbuckettest.firebasestorage.app/o/fingerprints%2F15-31-34_LiveStreamFingerprint_KFM_7s.json?generation=1748352695927080&alt=media HTTP/1.1" 200 6946
2025-05-27 15:31:40,781 | INFO     | Loaded reference fingerprint for KFM at 1748352694
2025-05-27 15:31:41,079 | DEBUG    | https://storage.googleapis.com:443 "GET /storage/v1/b/newbuckettest.firebasestorage.app/o?projection=noAcl&prefix=fingerprints%2F&prettyPrint=false HTTP/1.1" 200 3275
2025-05-27 15:31:41,084 | ERROR    | Error in match loop: 'FingerprintMatcher' object has no attribute '_process_incoming_fingerprints'
2025-05-27 15:31:46,387 | DEBUG    | https://storage.googleapis.com:443 "GET /storage/v1/b/newbuckettest.firebasestorage.app/o?projection=noAcl&prefix=fingerprints%2F&prettyPrint=false HTTP/1.1" 200 3275
2025-05-27 15:31:47,579 | DEBUG    | https://storage.googleapis.com:443 "GET /storage/v1/b/newbuckettest.firebasestorage.app/o?projection=noAcl&prefix=fingerprints%2F&prettyPrint=false HTTP/1.1" 200 3275
2025-05-27 15:31:47,583 | ERROR    | Error in match loop: 'FingerprintMatcher' object has no attribute '_process_incoming_fingerprints'
2025-05-27 15:31:52,883 | DEBUG    | https://storage.googleapis.com:443 "GET /storage/v1/b/newbuckettest.firebasestorage.app/o?projection=noAcl&prefix=fingerprints%2F&prettyPrint=false HTTP/1.1" 200 4254
2025-05-27 15:31:54,117 | DEBUG    | https://storage.googleapis.com:443 "GET /download/storage/v1/b/newbuckettest.firebasestorage.app/o/fingerprints%2F15-31-51_LiveStreamFingerprint_KFM_7s.json?generation=1748352713375894&alt=media HTTP/1.1" 200 6770
2025-05-27 15:31:54,121 | INFO     | Loaded reference fingerprint for KFM at 1748352711
2025-05-27 15:31:54,418 | DEBUG    | https://storage.googleapis.com:443 "GET /storage/v1/b/newbuckettest.firebasestorage.app/o?projection=noAcl&prefix=fingerprints%2F&prettyPrint=false HTTP/1.1" 200 4345
2025-05-27 15:31:54,421 | ERROR    | Error in match loop: 'FingerprintMatcher' object has no attribute '_process_incoming_fingerprints'
