2025-05-27 21:11:11,147 - __main__ - INFO - Using fingerprint output path: D:\_WORK\Radiolytics\LOGGING\fingerprints
2025-05-27 21:11:11,148 - __main__ - INFO - Initialized recorder for Smile FM with 140 frames per recording
2025-05-27 21:11:11,149 - __main__ - INFO - Launching ffmpeg: ffmpeg -loglevel error -i https://edge.iono.fm/xice/212_high.aac -t 7 -ar 8000 -ac 1 -f s16le -vn pipe:1
2025-05-27 21:11:11,149 - __main__ - INFO - Started recording Smile FM
2025-05-27 21:11:11,149 - __main__ - INFO - Started recorder for Smile FM
2025-05-27 21:11:11,149 - __main__ - INFO - Initialized recorder for KFM with 140 frames per recording
2025-05-27 21:11:11,149 - __main__ - INFO - Launching ffmpeg: ffmpeg -loglevel error -i https://playerservices.streamtheworld.com/api/livestream-redirect/KFMAAC.aac -t 7 -ar 8000 -ac 1 -f s16le -vn pipe:1
2025-05-27 21:11:11,149 - __main__ - INFO - Started recording KFM
2025-05-27 21:11:11,152 - __main__ - INFO - Started recorder for KFM
2025-05-27 21:11:14,318 - __main__ - INFO - ffmpeg: Read 56000 samples from stream.
2025-05-27 21:11:14,322 - __main__ - INFO - Feature stats for KFM fingerprint: {"RMS": {"mean": 0.04897429589182138, "min": 0.0, "max": 0.14894002676010132}, "Centroid": {"mean": 0.18837695529101786, "min": 0.0, "max": 0.4314416442424178}, "Energy": {"mean": 0.03885237233979361, "min": 0.0, "max": 0.12169069051742554}, "dB": {"mean": -19.30897455215454, "min": -37.398475646972656, "max": 0.0}}
2025-05-27 21:11:14,322 - __main__ - INFO - Valid frames for KFM fingerprint: 109 / 140
2025-05-27 21:11:14,322 - __main__ - WARNING - LARGE SILENT REGION: 31 consecutive silent frames in KFM fingerprint.
2025-05-27 21:11:14,322 - __main__ - INFO - HEALTHY: KFM reference extraction: 109 valid frames out of 140
2025-05-27 21:11:15,954 - __main__ - INFO - ffmpeg: Read 56000 samples from stream.
2025-05-27 21:11:15,957 - __main__ - INFO - Feature stats for Smile FM fingerprint: {"RMS": {"mean": 0.04490815667335742, "min": 0.0, "max": 0.32940903306007385}, "Centroid": {"mean": 0.20723948974673898, "min": 0.0, "max": 0.5903257000233868}, "Energy": {"mean": 0.034185289485113964, "min": 0.0, "max": 0.2744847536087036}, "dB": {"mean": -22.287265593664987, "min": -49.765769958496094, "max": 0.0}}
2025-05-27 21:11:15,957 - __main__ - INFO - Valid frames for Smile FM fingerprint: 109 / 140
2025-05-27 21:11:15,957 - __main__ - WARNING - LARGE SILENT REGION: 31 consecutive silent frames in Smile FM fingerprint.
2025-05-27 21:11:15,957 - __main__ - INFO - HEALTHY: Smile FM reference extraction: 109 valid frames out of 140
2025-05-27 21:11:17,887 - __main__ - INFO - Saved fingerprint for Smile FM at 1748373075 - Public URL: https://storage.googleapis.com/newbuckettest.firebasestorage.app/fingerprints/21-11-15_LiveStreamFingerprint_Smile%20FM_7s.json
2025-05-27 21:11:17,888 - __main__ - INFO - Saved reference fingerprint locally at D:\_WORK\Radiolytics\LOGGING\fingerprints\21-11-15_LiveStreamFingerprint_Smile FM_7s.json
2025-05-27 21:11:17,888 - __main__ - INFO - Writing WAV audio for Smile FM to D:\_WORK\Radiolytics\LOGGING\fingerprints\21-11-15_LiveStreamAudio_Smile FM_7s.wav
2025-05-27 21:11:17,889 - __main__ - INFO - Saved WAV audio for inspection at D:\_WORK\Radiolytics\LOGGING\fingerprints\21-11-15_LiveStreamAudio_Smile FM_7s.wav
2025-05-27 21:11:18,499 - __main__ - INFO - Saved fingerprint for KFM at 1748373074 - Public URL: https://storage.googleapis.com/newbuckettest.firebasestorage.app/fingerprints/21-11-14_LiveStreamFingerprint_KFM_7s.json
2025-05-27 21:11:18,500 - __main__ - INFO - Saved reference fingerprint locally at D:\_WORK\Radiolytics\LOGGING\fingerprints\21-11-14_LiveStreamFingerprint_KFM_7s.json
2025-05-27 21:11:18,500 - __main__ - INFO - Writing WAV audio for KFM to D:\_WORK\Radiolytics\LOGGING\fingerprints\21-11-14_LiveStreamAudio_KFM_7s.wav
2025-05-27 21:11:18,504 - __main__ - INFO - Saved WAV audio for inspection at D:\_WORK\Radiolytics\LOGGING\fingerprints\21-11-14_LiveStreamAudio_KFM_7s.wav
2025-05-27 21:11:25,196 - __main__ - INFO - Launching ffmpeg: ffmpeg -loglevel error -i https://edge.iono.fm/xice/212_high.aac -t 7 -ar 8000 -ac 1 -f s16le -vn pipe:1
2025-05-27 21:11:25,901 - __main__ - INFO - Launching ffmpeg: ffmpeg -loglevel error -i https://playerservices.streamtheworld.com/api/livestream-redirect/KFMAAC.aac -t 7 -ar 8000 -ac 1 -f s16le -vn pipe:1
2025-05-27 21:11:28,352 - __main__ - INFO - ffmpeg: Read 56000 samples from stream.
2025-05-27 21:11:28,354 - __main__ - INFO - Feature stats for KFM fingerprint: {"RMS": {"mean": 0.04562810619494745, "min": 0.0, "max": 0.1200721338391304}, "Centroid": {"mean": 0.18183625796710084, "min": 0.0, "max": 0.43187502231210617}, "Energy": {"mean": 0.03604893003191267, "min": 0.0, "max": 0.09574151039123535}, "dB": {"mean": -20.05786739076887, "min": -41.884727478027344, "max": 0.0}}
2025-05-27 21:11:28,355 - __main__ - INFO - Valid frames for KFM fingerprint: 109 / 140
2025-05-27 21:11:28,355 - __main__ - WARNING - LARGE SILENT REGION: 31 consecutive silent frames in KFM fingerprint.
2025-05-27 21:11:28,355 - __main__ - INFO - HEALTHY: KFM reference extraction: 109 valid frames out of 140
2025-05-27 21:11:30,263 - __main__ - INFO - ffmpeg: Read 56000 samples from stream.
2025-05-27 21:11:30,266 - __main__ - INFO - Feature stats for Smile FM fingerprint: {"RMS": {"mean": 0.04561501327220217, "min": 0.0, "max": 0.1882181018590927}, "Centroid": {"mean": 0.24627860301995977, "min": 0.0, "max": 0.6436749367027718}, "Energy": {"mean": 0.03205632269382477, "min": 0.0, "max": 0.14641553163528442}, "dB": {"mean": -23.41627641405378, "min": -54.99174118041992, "max": 0.0}}
2025-05-27 21:11:30,266 - __main__ - INFO - Valid frames for Smile FM fingerprint: 109 / 140
2025-05-27 21:11:30,266 - __main__ - WARNING - LARGE SILENT REGION: 31 consecutive silent frames in Smile FM fingerprint.
2025-05-27 21:11:30,266 - __main__ - INFO - HEALTHY: Smile FM reference extraction: 109 valid frames out of 140
2025-05-27 21:11:31,388 - __main__ - INFO - Saved fingerprint for KFM at 1748373088 - Public URL: https://storage.googleapis.com/newbuckettest.firebasestorage.app/fingerprints/21-11-28_LiveStreamFingerprint_KFM_7s.json
2025-05-27 21:11:31,392 - __main__ - INFO - Saved reference fingerprint locally at D:\_WORK\Radiolytics\LOGGING\fingerprints\21-11-28_LiveStreamFingerprint_KFM_7s.json
2025-05-27 21:11:31,392 - __main__ - INFO - Writing WAV audio for KFM to D:\_WORK\Radiolytics\LOGGING\fingerprints\21-11-28_LiveStreamAudio_KFM_7s.wav
2025-05-27 21:11:31,393 - __main__ - INFO - Saved WAV audio for inspection at D:\_WORK\Radiolytics\LOGGING\fingerprints\21-11-28_LiveStreamAudio_KFM_7s.wav
2025-05-27 21:11:32,103 - __main__ - INFO - Saved fingerprint for Smile FM at 1748373090 - Public URL: https://storage.googleapis.com/newbuckettest.firebasestorage.app/fingerprints/21-11-30_LiveStreamFingerprint_Smile%20FM_7s.json
2025-05-27 21:11:32,105 - __main__ - INFO - Saved reference fingerprint locally at D:\_WORK\Radiolytics\LOGGING\fingerprints\21-11-30_LiveStreamFingerprint_Smile FM_7s.json
2025-05-27 21:11:32,106 - __main__ - INFO - Writing WAV audio for Smile FM to D:\_WORK\Radiolytics\LOGGING\fingerprints\21-11-30_LiveStreamAudio_Smile FM_7s.wav
2025-05-27 21:11:32,110 - __main__ - INFO - Saved WAV audio for inspection at D:\_WORK\Radiolytics\LOGGING\fingerprints\21-11-30_LiveStreamAudio_Smile FM_7s.wav
2025-05-27 21:11:38,763 - __main__ - INFO - Launching ffmpeg: ffmpeg -loglevel error -i https://playerservices.streamtheworld.com/api/livestream-redirect/KFMAAC.aac -t 7 -ar 8000 -ac 1 -f s16le -vn pipe:1
2025-05-27 21:11:39,609 - __main__ - INFO - Launching ffmpeg: ffmpeg -loglevel error -i https://edge.iono.fm/xice/212_high.aac -t 7 -ar 8000 -ac 1 -f s16le -vn pipe:1
2025-05-27 21:11:42,057 - __main__ - INFO - ffmpeg: Read 56000 samples from stream.
2025-05-27 21:11:42,059 - __main__ - INFO - Feature stats for KFM fingerprint: {"RMS": {"mean": 0.0472350014240614, "min": 0.0, "max": 0.13493946194648743}, "Centroid": {"mean": 0.1813390984879407, "min": 0.0, "max": 0.41915746139640525}, "Energy": {"mean": 0.0375475002186639, "min": 0.0, "max": 0.10653549432754517}, "dB": {"mean": -19.556081880841937, "min": -36.040306091308594, "max": 0.0}}
2025-05-27 21:11:42,060 - __main__ - INFO - Valid frames for KFM fingerprint: 109 / 140
2025-05-27 21:11:42,060 - __main__ - WARNING - LARGE SILENT REGION: 31 consecutive silent frames in KFM fingerprint.
2025-05-27 21:11:42,060 - __main__ - INFO - HEALTHY: KFM reference extraction: 109 valid frames out of 140
2025-05-27 21:11:43,919 - __main__ - INFO - Saved fingerprint for KFM at 1748373102 - Public URL: https://storage.googleapis.com/newbuckettest.firebasestorage.app/fingerprints/21-11-42_LiveStreamFingerprint_KFM_7s.json
2025-05-27 21:11:43,921 - __main__ - INFO - Saved reference fingerprint locally at D:\_WORK\Radiolytics\LOGGING\fingerprints\21-11-42_LiveStreamFingerprint_KFM_7s.json
2025-05-27 21:11:43,921 - __main__ - INFO - Writing WAV audio for KFM to D:\_WORK\Radiolytics\LOGGING\fingerprints\21-11-42_LiveStreamAudio_KFM_7s.wav
2025-05-27 21:11:43,925 - __main__ - INFO - Saved WAV audio for inspection at D:\_WORK\Radiolytics\LOGGING\fingerprints\21-11-42_LiveStreamAudio_KFM_7s.wav
2025-05-27 21:11:44,398 - __main__ - INFO - ffmpeg: Read 56000 samples from stream.
2025-05-27 21:11:44,400 - __main__ - INFO - Feature stats for Smile FM fingerprint: {"RMS": {"mean": 0.05093693745355787, "min": 0.0, "max": 0.23980024456977844}, "Centroid": {"mean": 0.22601918937942841, "min": 0.0, "max": 0.7093096501906967}, "Energy": {"mean": 0.03726154267787933, "min": 0.0, "max": 0.1719745397567749}, "dB": {"mean": -22.85079711505345, "min": -51.60124206542969, "max": 0.0}}
2025-05-27 21:11:44,400 - __main__ - INFO - Valid frames for Smile FM fingerprint: 109 / 140
2025-05-27 21:11:44,401 - __main__ - WARNING - LARGE SILENT REGION: 31 consecutive silent frames in Smile FM fingerprint.
2025-05-27 21:11:44,401 - __main__ - INFO - HEALTHY: Smile FM reference extraction: 109 valid frames out of 140
2025-05-27 21:11:47,448 - __main__ - INFO - Saved fingerprint for Smile FM at 1748373104 - Public URL: https://storage.googleapis.com/newbuckettest.firebasestorage.app/fingerprints/21-11-44_LiveStreamFingerprint_Smile%20FM_7s.json
2025-05-27 21:11:47,449 - __main__ - INFO - Saved reference fingerprint locally at D:\_WORK\Radiolytics\LOGGING\fingerprints\21-11-44_LiveStreamFingerprint_Smile FM_7s.json
2025-05-27 21:11:47,450 - __main__ - INFO - Writing WAV audio for Smile FM to D:\_WORK\Radiolytics\LOGGING\fingerprints\21-11-44_LiveStreamAudio_Smile FM_7s.wav
2025-05-27 21:11:47,453 - __main__ - INFO - Saved WAV audio for inspection at D:\_WORK\Radiolytics\LOGGING\fingerprints\21-11-44_LiveStreamAudio_Smile FM_7s.wav
2025-05-27 21:11:51,452 - __main__ - INFO - Launching ffmpeg: ffmpeg -loglevel error -i https://playerservices.streamtheworld.com/api/livestream-redirect/KFMAAC.aac -t 7 -ar 8000 -ac 1 -f s16le -vn pipe:1
2025-05-27 21:11:54,858 - __main__ - INFO - Launching ffmpeg: ffmpeg -loglevel error -i https://edge.iono.fm/xice/212_high.aac -t 7 -ar 8000 -ac 1 -f s16le -vn pipe:1
2025-05-27 21:11:55,266 - __main__ - INFO - ffmpeg: Read 56000 samples from stream.
2025-05-27 21:11:55,269 - __main__ - INFO - Feature stats for KFM fingerprint: {"RMS": {"mean": 0.04807157946218337, "min": 0.0, "max": 0.1404249519109726}, "Centroid": {"mean": 0.1758478781835723, "min": 0.0, "max": 0.38831111882184655}, "Energy": {"mean": 0.037890831913266865, "min": 0.0, "max": 0.10933840274810791}, "dB": {"mean": -19.452058928353445, "min": -35.9168701171875, "max": 0.0}}
2025-05-27 21:11:55,269 - __main__ - INFO - Valid frames for KFM fingerprint: 109 / 140
2025-05-27 21:11:55,269 - __main__ - WARNING - LARGE SILENT REGION: 31 consecutive silent frames in KFM fingerprint.
2025-05-27 21:11:55,269 - __main__ - INFO - HEALTHY: KFM reference extraction: 109 valid frames out of 140
2025-05-27 21:11:58,326 - __main__ - INFO - Saved fingerprint for KFM at 1748373115 - Public URL: https://storage.googleapis.com/newbuckettest.firebasestorage.app/fingerprints/21-11-55_LiveStreamFingerprint_KFM_7s.json
2025-05-27 21:11:58,327 - __main__ - INFO - Saved reference fingerprint locally at D:\_WORK\Radiolytics\LOGGING\fingerprints\21-11-55_LiveStreamFingerprint_KFM_7s.json
2025-05-27 21:11:58,327 - __main__ - INFO - Writing WAV audio for KFM to D:\_WORK\Radiolytics\LOGGING\fingerprints\21-11-55_LiveStreamAudio_KFM_7s.wav
2025-05-27 21:11:58,331 - __main__ - INFO - Saved WAV audio for inspection at D:\_WORK\Radiolytics\LOGGING\fingerprints\21-11-55_LiveStreamAudio_KFM_7s.wav
2025-05-27 21:11:59,873 - __main__ - INFO - ffmpeg: Read 56000 samples from stream.
2025-05-27 21:11:59,876 - __main__ - INFO - Feature stats for Smile FM fingerprint: {"RMS": {"mean": 0.04757050274139536, "min": 0.0, "max": 0.24366891384124756}, "Centroid": {"mean": 0.22826245231277206, "min": 0.0, "max": 0.7372958946405326}, "Energy": {"mean": 0.03338239022663662, "min": 0.0, "max": 0.1821644902229309}, "dB": {"mean": -23.26975436891828, "min": -53.98413848876953, "max": 0.0}}
2025-05-27 21:11:59,876 - __main__ - INFO - Valid frames for Smile FM fingerprint: 109 / 140
2025-05-27 21:11:59,876 - __main__ - WARNING - LARGE SILENT REGION: 31 consecutive silent frames in Smile FM fingerprint.
2025-05-27 21:11:59,876 - __main__ - INFO - HEALTHY: Smile FM reference extraction: 109 valid frames out of 140
2025-05-27 21:12:02,919 - __main__ - INFO - Saved fingerprint for Smile FM at 1748373119 - Public URL: https://storage.googleapis.com/newbuckettest.firebasestorage.app/fingerprints/21-11-59_LiveStreamFingerprint_Smile%20FM_7s.json
2025-05-27 21:12:02,921 - __main__ - INFO - Saved reference fingerprint locally at D:\_WORK\Radiolytics\LOGGING\fingerprints\21-11-59_LiveStreamFingerprint_Smile FM_7s.json
2025-05-27 21:12:02,921 - __main__ - INFO - Writing WAV audio for Smile FM to D:\_WORK\Radiolytics\LOGGING\fingerprints\21-11-59_LiveStreamAudio_Smile FM_7s.wav
2025-05-27 21:12:02,925 - __main__ - INFO - Saved WAV audio for inspection at D:\_WORK\Radiolytics\LOGGING\fingerprints\21-11-59_LiveStreamAudio_Smile FM_7s.wav
2025-05-27 21:12:05,727 - __main__ - INFO - Launching ffmpeg: ffmpeg -loglevel error -i https://playerservices.streamtheworld.com/api/livestream-redirect/KFMAAC.aac -t 7 -ar 8000 -ac 1 -f s16le -vn pipe:1
2025-05-27 21:12:08,897 - __main__ - INFO - ffmpeg: Read 56000 samples from stream.
2025-05-27 21:12:08,900 - __main__ - INFO - Feature stats for KFM fingerprint: {"RMS": {"mean": 0.05151398166614984, "min": 0.0, "max": 0.1396498829126358}, "Centroid": {"mean": 0.17583869481464504, "min": 0.0, "max": 0.3600119141944259}, "Energy": {"mean": 0.0411147952079773, "min": 0.0, "max": 0.11198770999908447}, "dB": {"mean": -18.84948695046561, "min": -37.65811538696289, "max": 0.0}}
2025-05-27 21:12:08,900 - __main__ - INFO - Valid frames for KFM fingerprint: 109 / 140
2025-05-27 21:12:08,900 - __main__ - WARNING - LARGE SILENT REGION: 31 consecutive silent frames in KFM fingerprint.
2025-05-27 21:12:08,900 - __main__ - INFO - HEALTHY: KFM reference extraction: 109 valid frames out of 140
2025-05-27 21:12:10,368 - __main__ - INFO - Launching ffmpeg: ffmpeg -loglevel error -i https://edge.iono.fm/xice/212_high.aac -t 7 -ar 8000 -ac 1 -f s16le -vn pipe:1
2025-05-27 21:12:11,930 - __main__ - INFO - Saved fingerprint for KFM at 1748373128 - Public URL: https://storage.googleapis.com/newbuckettest.firebasestorage.app/fingerprints/21-12-08_LiveStreamFingerprint_KFM_7s.json
2025-05-27 21:12:11,932 - __main__ - INFO - Saved reference fingerprint locally at D:\_WORK\Radiolytics\LOGGING\fingerprints\21-12-08_LiveStreamFingerprint_KFM_7s.json
2025-05-27 21:12:11,934 - __main__ - INFO - Writing WAV audio for KFM to D:\_WORK\Radiolytics\LOGGING\fingerprints\21-12-08_LiveStreamAudio_KFM_7s.wav
2025-05-27 21:12:11,938 - __main__ - INFO - Saved WAV audio for inspection at D:\_WORK\Radiolytics\LOGGING\fingerprints\21-12-08_LiveStreamAudio_KFM_7s.wav
2025-05-27 21:12:12,462 - __main__ - WARNING - ffmpeg: Only got 66502 bytes, expected 112000. Padding with zeros.
2025-05-27 21:12:12,463 - __main__ - INFO - ffmpeg: Read 56000 samples from stream.
